{
    "seed": -5665808804375823711,
    "samples": [
        {
            "accountId": "��\u0011�\"�KAr!/��?�3�\u000b\u001f7",
            "key": "532687bfca5d8e0a0563cccfc7367caaf4a8d3a1a5e209852ef9f87fc0e5a35f"
        },
        {
            "accountId": "nXE\u0007�b�X5��\u000f3��1S^��",
            "key": "2edb7fc7ed0bab770d28ea52bce30983ca079e6ee5b49351b6c92d4456dab737"
        },
        {
            "accountId": "�\u001fKj,��@\u001a3�\u0005�q\u001f!3���",
            "key": "366d681ce798143cea6ba05b306108f232ae704dfe1658408cf17e37b051fd87"
        },
        {
            "accountId": "��*`0\u0013�B�z�x��s�|8��",
            "key": "7800609ea783943470357137949c54ba503108bf4d07cab25a269d3d0269fd88"
        },
        {
            "accountId": "o\u001f\u0004\u000e2TT�~3\\�\u000e��ԗ��",
            "key": "c09ee6ad8fbcb6c9bf9066db16ddb626006ad052ad5b269f2258b1fe23af5b2b"
        }
    ]
}