{
    "seed": 1038148113118940362,
    "samples": [
        "7����xկ��μ+)\u0016g8\u0004g�",
        "�\u0013��^�B\u000fJ��u\u0016�� \u0008h\u0016\u0011",
        "��Z��D3:��\u0001\u0000�b�$]*��",
        " P͊A�Q\u0002\u0008�K:�r�\u0014y�\u0010�",
        "��^�\u0011.Ʒ��N�\u001c�9es\u0013A�"
    ]
}