{
    "seed": -110054934197799900,
    "samples": [
        {
            "key": "ab01efa3b4f91b7c764e0539f101220bfab143ab9bb07690ccf6e5c55d976917",
            "identityId": "\nS�aԥ&m!~�9\\l����D5"
        },
        {
            "key": "e650a5323973cdf3c19f266a0dd18a39694a771335d24177c40d63c1e095b864",
            "identityId": "V4c�\u0004}E��^��\\����K��"
        },
        {
            "key": "7b12f82b574e7455058cc861e1aeb1723a290f2a854e8d9798dd9b79433b0b20",
            "identityId": "�L&��(\u001a�\u001a G\u001a�j�W\u0011f�\u000e"
        },
        {
            "key": "9988912fcdf709a65d1b740d22d838463324c50547502953a0025a85be458b07",
            "identityId": "a#_�����r�\u0013|�G\u001fT��or"
        },
        {
            "key": "366d681ce798143cea6ba05b306108f232ae704dfe1658408cf17e37b051fd87",
            "identityId": "�\u0012�{\u0014��_�Ԟ\u0015�\u0003\u000e\u0008uU�f"
        }
    ]
}