{
    "seed": -7188701560030491896,
    "samples": [
        "066ad9ba3fdfa6e4a39e5b61ca0ec77f61a31dbd74bf53b8214c796a493d76ae",
        "accfc8370c808fb4bfbfde831358476fa19e67e978ab0dc20db3e15f7ab28002",
        "dd3feb6e926e98e2ba6ec64afac71108ec8813d1647fa765d545d5463ebba281",
        "77b4ac1fd80c912d1bf94d5535ccba8f042c7db89aca46b819fe7763faa627a6",
        "89a3925cc8ca613532d149eb67f0985f29aafe1bf6f4c82bd264b41979c157aa"
    ]
}