{
    "seed": 2876250219680633991,
    "samples": [
        "e31caa31677bd4449bcd7e7d27db6313681caa1b9e888cbab610b7923a6df45d",
        "1495d1c934952ca0033cbfcc4553c5e93d30dfe216e8d9bec839e2fba91b2733",
        "759b4f336594e8ae4b380a2245d13a186a2e7f314524c13b618608e7be6837d6",
        "5086de71d9c9b2cfe804d7abfda65901806c231ebba22b71f23a2cb16149e6a9",
        "bf161ea05055d9b4845e961cb7f10b70af062d3b69e46d64d2b7390c31866925"
    ]
}